com\github\kqfall1\java\blackjackDesktopSwingGame\ui\UiActions$1.class
com\github\kqfall1\java\blackjackDesktopSwingGame\jcomponents\CreditsJPanel.class
com\github\kqfall1\java\blackjackDesktopSwingGame\jframes\MainMenuJFrame.class
com\github\kqfall1\java\blackjackDesktopSwingGame\jcomponents\GameConfigJPanel$1.class
com\github\kqfall1\java\blackjackDesktopSwingGame\jcomponents\GameConfigJPanel.class
com\github\kqfall1\java\blackjackDesktopSwingGame\ui\UiActions$2.class
com\github\kqfall1\java\blackjackDesktopSwingGame\ui\UiActions.class
com\github\kqfall1\java\blackjackDesktopSwingGame\jcomponents\GameCardsJPanel.class
com\github\kqfall1\java\blackjackDesktopSwingGame\jcomponents\MainMenuButtonJPanel.class
com\github\kqfall1\java\blackjackDesktopSwingGame\jframes\BlackjackJFrame.class
com\github\kqfall1\java\blackjackDesktopSwingGame\jcomponents\GameActionJPanel.class
com\github\kqfall1\java\blackjackDesktopSwingGame\jframes\BlackjackJFrame$1.class
com\github\kqfall1\java\blackjackDesktopSwingGame\jframes\GameJFrame$1.class
com\github\kqfall1\java\blackjackDesktopSwingGame\ui\UiActions$4.class
com\github\kqfall1\java\blackjackDesktopSwingGame\jcomponents\CardJLabel.class
com\github\kqfall1\java\blackjackDesktopSwingGame\jframes\BlackjackJFrame$ApplicationJMenuBar.class
com\github\kqfall1\java\blackjackDesktopSwingGame\jframes\GameJFrame.class
com\github\kqfall1\java\blackjackDesktopSwingGame\ui\UiActions$3.class
com\github\kqfall1\java\blackjackDesktopSwingGame\jcomponents\GameInfoJPanel.class
com\github\kqfall1\java\blackjackDesktopSwingGame\jcomponents\MainMenuButtonJPanel$MainMenuJPanelJButton.class
com\github\kqfall1\java\blackjackDesktopSwingGame\ui\UiConstants.class
com\github\kqfall1\java\blackjackDesktopSwingGame\ui\UiActions$5.class
