D:\Work\Career\Coding\Java\BlackjackDesktopSwingGame\src\main\java\com\github\kqfall1\java\blackjackDesktopSwingGame\jcomponents\CardJLabel.java
D:\Work\Career\Coding\Java\BlackjackDesktopSwingGame\src\main\java\com\github\kqfall1\java\blackjackDesktopSwingGame\jcomponents\CreditsJPanel.java
D:\Work\Career\Coding\Java\BlackjackDesktopSwingGame\src\main\java\com\github\kqfall1\java\blackjackDesktopSwingGame\jcomponents\GameActionJPanel.java
D:\Work\Career\Coding\Java\BlackjackDesktopSwingGame\src\main\java\com\github\kqfall1\java\blackjackDesktopSwingGame\jcomponents\GameCardsJPanel.java
D:\Work\Career\Coding\Java\BlackjackDesktopSwingGame\src\main\java\com\github\kqfall1\java\blackjackDesktopSwingGame\jcomponents\GameConfigJPanel.java
D:\Work\Career\Coding\Java\BlackjackDesktopSwingGame\src\main\java\com\github\kqfall1\java\blackjackDesktopSwingGame\jcomponents\GameInfoJPanel.java
D:\Work\Career\Coding\Java\BlackjackDesktopSwingGame\src\main\java\com\github\kqfall1\java\blackjackDesktopSwingGame\jcomponents\MainMenuButtonJPanel.java
D:\Work\Career\Coding\Java\BlackjackDesktopSwingGame\src\main\java\com\github\kqfall1\java\blackjackDesktopSwingGame\jframes\BlackjackJFrame.java
D:\Work\Career\Coding\Java\BlackjackDesktopSwingGame\src\main\java\com\github\kqfall1\java\blackjackDesktopSwingGame\jframes\GameJFrame.java
D:\Work\Career\Coding\Java\BlackjackDesktopSwingGame\src\main\java\com\github\kqfall1\java\blackjackDesktopSwingGame\jframes\MainMenuJFrame.java
D:\Work\Career\Coding\Java\BlackjackDesktopSwingGame\src\main\java\com\github\kqfall1\java\blackjackDesktopSwingGame\ui\UiActions.java
D:\Work\Career\Coding\Java\BlackjackDesktopSwingGame\src\main\java\com\github\kqfall1\java\blackjackDesktopSwingGame\ui\UiConstants.java
